INFO:utils.limiter:✅ Rate-limiter using Redis backend
2026-04-03 19:34:36 [-] INFO    main — ✅ Prometheus metrics exposed at /metrics
============================= test session starts ==============================
platform linux -- Python 3.12.3, pytest-9.0.2, pluggy-1.6.0
rootdir: /home/omar/Desktop/aman/backend
plugins: anyio-4.13.0
collected 9 items

tests/test_07_hr.py 2026-04-03 19:34:37 [-] DEBUG   asyncio — Using selector: EpollSelector
2026-04-03 19:34:37 [-] INFO    main — 🚀 Starting AMAN ERP System...
2026-04-03 19:34:37 [-] INFO    main — ✅ Database connected
2026-04-03 19:34:37 [-] INFO    main — 📡 System Stats Background Worker Started
2026-04-03 19:34:37 [-] INFO    main — 🧹 Token Blacklist Cleanup Worker Started
2026-04-03 19:34:37 [-] DEBUG   tzlocal — /etc/timezone found, contents:
 Africa/Cairo

2026-04-03 19:34:37 [-] DEBUG   tzlocal — /etc/localtime found
2026-04-03 19:34:37 [-] DEBUG   tzlocal — 2 found:
 {'/etc/timezone': 'Africa/Cairo', '/etc/localtime is a symlink to': 'Asia/Damascus'}
2026-04-03 19:34:37 [-] WARNING tzlocal — /etc/timezone is deprecated in some distros, and no longer reliable. tzlocal is ignoring it, and you can likely delete it.
2026-04-03 19:34:37 [-] INFO    apscheduler.scheduler — Adding job tentatively -- it will be properly scheduled when the scheduler starts
2026-04-03 19:34:37 [-] INFO    apscheduler.scheduler — Added job "check_scheduled_reports" to job store "default"
2026-04-03 19:34:37 [-] INFO    apscheduler.scheduler — Scheduler started
2026-04-03 19:34:37 [-] DEBUG   apscheduler.scheduler — Looking for jobs to run
2026-04-03 19:34:37 [-] INFO    services.scheduler — 🚀 Scheduler started.
2026-04-03 19:34:37 [-] DEBUG   apscheduler.scheduler — Next wakeup is due at 2026-04-03 19:39:37.984690+03:00 (in 299.999309 seconds)
2026-04-03 19:34:37 [-] INFO    main — ⏰ Report Scheduler Started
2026-04-03 19:34:37 [-] INFO    routers.dashboard — 📡 System Stats Worker Started
2026-04-03 19:34:37 [d18bda5e] DEBUG   python_multipart.multipart — Calling on_field_start with no data
2026-04-03 19:34:37 [d18bda5e] DEBUG   python_multipart.multipart — Calling on_field_name with data[0:8]
2026-04-03 19:34:37 [d18bda5e] DEBUG   python_multipart.multipart — Calling on_field_data with data[9:13]
2026-04-03 19:34:37 [d18bda5e] DEBUG   python_multipart.multipart — Calling on_field_end with no data
2026-04-03 19:34:37 [d18bda5e] DEBUG   python_multipart.multipart — Calling on_field_start with no data
2026-04-03 19:34:37 [d18bda5e] DEBUG   python_multipart.multipart — Calling on_field_name with data[14:22]
2026-04-03 19:34:37 [d18bda5e] DEBUG   python_multipart.multipart — Calling on_field_data with data[23:31]
2026-04-03 19:34:37 [d18bda5e] DEBUG   python_multipart.multipart — Calling on_field_end with no data
2026-04-03 19:34:37 [d18bda5e] DEBUG   python_multipart.multipart — Calling on_field_start with no data
2026-04-03 19:34:37 [d18bda5e] DEBUG   python_multipart.multipart — Calling on_field_name with data[32:42]
2026-04-03 19:34:37 [d18bda5e] DEBUG   python_multipart.multipart — Calling on_field_data with data[43:51]
2026-04-03 19:34:37 [d18bda5e] DEBUG   python_multipart.multipart — Calling on_field_end with no data
2026-04-03 19:34:37 [d18bda5e] DEBUG   python_multipart.multipart — Calling on_field_start with no data
2026-04-03 19:34:37 [d18bda5e] DEBUG   python_multipart.multipart — Calling on_field_name with data[52:64]
2026-04-03 19:34:37 [d18bda5e] DEBUG   python_multipart.multipart — Calling on_field_data with data[65:73]
2026-04-03 19:34:37 [d18bda5e] DEBUG   python_multipart.multipart — Calling on_field_end with no data
2026-04-03 19:34:37 [d18bda5e] DEBUG   python_multipart.multipart — Calling on_end with no data
2026-04-03 19:34:38 [d18bda5e] ERROR   routers.auth — Login error for company be67ce39: (psycopg2.OperationalError) connection to server at "localhost" (127.0.0.1), port 5432 failed: FATAL:  database "aman_be67ce39" does not exist

(Background on this error at: https://sqlalche.me/e/20/e3q8)
Traceback (most recent call last):
  File "/home/omar/Desktop/aman/.venv/lib/python3.12/site-packages/sqlalchemy/engine/base.py", line 143, in __init__
    self._dbapi_connection = engine.raw_connection()
                             ^^^^^^^^^^^^^^^^^^^^^^^
  File "/home/omar/Desktop/aman/.venv/lib/python3.12/site-packages/sqlalchemy/engine/base.py", line 3317, in raw_connection
    return self.pool.connect()
           ^^^^^^^^^^^^^^^^^^^
  File "/home/omar/Desktop/aman/.venv/lib/python3.12/site-packages/sqlalchemy/pool/base.py", line 448, in connect
    return _ConnectionFairy._checkout(self)
           ^^^^^^^^^^^^^^^^^^^^^^^^^^^^^^^^
  File "/home/omar/Desktop/aman/.venv/lib/python3.12/site-packages/sqlalchemy/pool/base.py", line 1272, in _checkout
    fairy = _ConnectionRecord.checkout(pool)
            ^^^^^^^^^^^^^^^^^^^^^^^^^^^^^^^^
  File "/home/omar/Desktop/aman/.venv/lib/python3.12/site-packages/sqlalchemy/pool/base.py", line 712, in checkout
    rec = pool._do_get()
          ^^^^^^^^^^^^^^
  File "/home/omar/Desktop/aman/.venv/lib/python3.12/site-packages/sqlalchemy/pool/impl.py", line 177, in _do_get
    with util.safe_reraise():
  File "/home/omar/Desktop/aman/.venv/lib/python3.12/site-packages/sqlalchemy/util/langhelpers.py", line 121, in __exit__
    raise exc_value.with_traceback(exc_tb)
  File "/home/omar/Desktop/aman/.venv/lib/python3.12/site-packages/sqlalchemy/pool/impl.py", line 175, in _do_get
    return self._create_connection()
           ^^^^^^^^^^^^^^^^^^^^^^^^^
  File "/home/omar/Desktop/aman/.venv/lib/python3.12/site-packages/sqlalchemy/pool/base.py", line 389, in _create_connection
    return _ConnectionRecord(self)
           ^^^^^^^^^^^^^^^^^^^^^^^
  File "/home/omar/Desktop/aman/.venv/lib/python3.12/site-packages/sqlalchemy/pool/base.py", line 674, in __init__
    self.__connect()
  File "/home/omar/Desktop/aman/.venv/lib/python3.12/site-packages/sqlalchemy/pool/base.py", line 900, in __connect
    with util.safe_reraise():
  File "/home/omar/Desktop/aman/.venv/lib/python3.12/site-packages/sqlalchemy/util/langhelpers.py", line 121, in __exit__
    raise exc_value.with_traceback(exc_tb)
  File "/home/omar/Desktop/aman/.venv/lib/python3.12/site-packages/sqlalchemy/pool/base.py", line 896, in __connect
    self.dbapi_connection = connection = pool._invoke_creator(self)
                                         ^^^^^^^^^^^^^^^^^^^^^^^^^^
  File "/home/omar/Desktop/aman/.venv/lib/python3.12/site-packages/sqlalchemy/engine/create.py", line 667, in connect
    return dialect.connect(*cargs_tup, **cparams)
           ^^^^^^^^^^^^^^^^^^^^^^^^^^^^^^^^^^^^^^
  File "/home/omar/Desktop/aman/.venv/lib/python3.12/site-packages/sqlalchemy/engine/default.py", line 630, in connect
    return self.loaded_dbapi.connect(*cargs, **cparams)  # type: ignore[no-any-return]  # NOQA: E501
           ^^^^^^^^^^^^^^^^^^^^^^^^^^^^^^^^^^^^^^^^^^^^
  File "/home/omar/Desktop/aman/.venv/lib/python3.12/site-packages/psycopg2/__init__.py", line 122, in connect
    conn = _connect(dsn, connection_factory=connection_factory, **kwasync)
           ^^^^^^^^^^^^^^^^^^^^^^^^^^^^^^^^^^^^^^^^^^^^^^^^^^^^^^^^^^^^^^^
psycopg2.OperationalError: connection to server at "localhost" (127.0.0.1), port 5432 failed: FATAL:  database "aman_be67ce39" does not exist


The above exception was the direct cause of the following exception:

Traceback (most recent call last):
  File "/home/omar/Desktop/aman/backend/routers/auth.py", line 416, in login
    with company_engine.connect() as company_conn:
         ^^^^^^^^^^^^^^^^^^^^^^^^
  File "/home/omar/Desktop/aman/.venv/lib/python3.12/site-packages/sqlalchemy/engine/base.py", line 3293, in connect
    return self._connection_cls(self)
           ^^^^^^^^^^^^^^^^^^^^^^^^^^
  File "/home/omar/Desktop/aman/.venv/lib/python3.12/site-packages/sqlalchemy/engine/base.py", line 145, in __init__
    Connection._handle_dbapi_exception_noconnection(
  File "/home/omar/Desktop/aman/.venv/lib/python3.12/site-packages/sqlalchemy/engine/base.py", line 2448, in _handle_dbapi_exception_noconnection
    raise sqlalchemy_exception.with_traceback(exc_info[2]) from e
  File "/home/omar/Desktop/aman/.venv/lib/python3.12/site-packages/sqlalchemy/engine/base.py", line 143, in __init__
    self._dbapi_connection = engine.raw_connection()
                             ^^^^^^^^^^^^^^^^^^^^^^^
  File "/home/omar/Desktop/aman/.venv/lib/python3.12/site-packages/sqlalchemy/engine/base.py", line 3317, in raw_connection
    return self.pool.connect()
           ^^^^^^^^^^^^^^^^^^^
  File "/home/omar/Desktop/aman/.venv/lib/python3.12/site-packages/sqlalchemy/pool/base.py", line 448, in connect
    return _ConnectionFairy._checkout(self)
           ^^^^^^^^^^^^^^^^^^^^^^^^^^^^^^^^
  File "/home/omar/Desktop/aman/.venv/lib/python3.12/site-packages/sqlalchemy/pool/base.py", line 1272, in _checkout
    fairy = _ConnectionRecord.checkout(pool)
            ^^^^^^^^^^^^^^^^^^^^^^^^^^^^^^^^
  File "/home/omar/Desktop/aman/.venv/lib/python3.12/site-packages/sqlalchemy/pool/base.py", line 712, in checkout
    rec = pool._do_get()
          ^^^^^^^^^^^^^^
  File "/home/omar/Desktop/aman/.venv/lib/python3.12/site-packages/sqlalchemy/pool/impl.py", line 177, in _do_get
    with util.safe_reraise():
  File "/home/omar/Desktop/aman/.venv/lib/python3.12/site-packages/sqlalchemy/util/langhelpers.py", line 121, in __exit__
    raise exc_value.with_traceback(exc_tb)
  File "/home/omar/Desktop/aman/.venv/lib/python3.12/site-packages/sqlalchemy/pool/impl.py", line 175, in _do_get
    return self._create_connection()
           ^^^^^^^^^^^^^^^^^^^^^^^^^
  File "/home/omar/Desktop/aman/.venv/lib/python3.12/site-packages/sqlalchemy/pool/base.py", line 389, in _create_connection
    return _ConnectionRecord(self)
           ^^^^^^^^^^^^^^^^^^^^^^^
  File "/home/omar/Desktop/aman/.venv/lib/python3.12/site-packages/sqlalchemy/pool/base.py", line 674, in __init__
    self.__connect()
  File "/home/omar/Desktop/aman/.venv/lib/python3.12/site-packages/sqlalchemy/pool/base.py", line 900, in __connect
    with util.safe_reraise():
  File "/home/omar/Desktop/aman/.venv/lib/python3.12/site-packages/sqlalchemy/util/langhelpers.py", line 121, in __exit__
    raise exc_value.with_traceback(exc_tb)
  File "/home/omar/Desktop/aman/.venv/lib/python3.12/site-packages/sqlalchemy/pool/base.py", line 896, in __connect
    self.dbapi_connection = connection = pool._invoke_creator(self)
                                         ^^^^^^^^^^^^^^^^^^^^^^^^^^
  File "/home/omar/Desktop/aman/.venv/lib/python3.12/site-packages/sqlalchemy/engine/create.py", line 667, in connect
    return dialect.connect(*cargs_tup, **cparams)
           ^^^^^^^^^^^^^^^^^^^^^^^^^^^^^^^^^^^^^^
  File "/home/omar/Desktop/aman/.venv/lib/python3.12/site-packages/sqlalchemy/engine/default.py", line 630, in connect
    return self.loaded_dbapi.connect(*cargs, **cparams)  # type: ignore[no-any-return]  # NOQA: E501
           ^^^^^^^^^^^^^^^^^^^^^^^^^^^^^^^^^^^^^^^^^^^^
  File "/home/omar/Desktop/aman/.venv/lib/python3.12/site-packages/psycopg2/__init__.py", line 122, in connect
    conn = _connect(dsn, connection_factory=connection_factory, **kwasync)
           ^^^^^^^^^^^^^^^^^^^^^^^^^^^^^^^^^^^^^^^^^^^^^^^^^^^^^^^^^^^^^^^
sqlalchemy.exc.OperationalError: (psycopg2.OperationalError) connection to server at "localhost" (127.0.0.1), port 5432 failed: FATAL:  database "aman_be67ce39" does not exist

(Background on this error at: https://sqlalche.me/e/20/e3q8)
2026-04-03 19:34:38 [d18bda5e] ERROR   main — Internal error on POST /api/auth/login: خطأ في الخادم أثناء تسجيل الدخول
2026-04-03 19:34:38 [d18bda5e] INFO    aman.http — method=POST path=/api/auth/login status=500 duration_ms=14.56
2026-04-03 19:34:38 [-] INFO    httpx — HTTP Request: POST http://localhost/api/auth/login "HTTP/1.1 500 Internal Server Error"
2026-04-03 19:34:38 [3ab31dcb] DEBUG   python_multipart.multipart — Calling on_field_start with no data
2026-04-03 19:34:38 [3ab31dcb] DEBUG   python_multipart.multipart — Calling on_field_name with data[0:8]
2026-04-03 19:34:38 [3ab31dcb] DEBUG   python_multipart.multipart — Calling on_field_data with data[9:14]
2026-04-03 19:34:38 [3ab31dcb] DEBUG   python_multipart.multipart — Calling on_field_end with no data
2026-04-03 19:34:38 [3ab31dcb] DEBUG   python_multipart.multipart — Calling on_field_start with no data
2026-04-03 19:34:38 [3ab31dcb] DEBUG   python_multipart.multipart — Calling on_field_name with data[15:23]
2026-04-03 19:34:38 [3ab31dcb] DEBUG   python_multipart.multipart — Calling on_field_data with data[24:29]
2026-04-03 19:34:38 [3ab31dcb] DEBUG   python_multipart.multipart — Calling on_field_end with no data
2026-04-03 19:34:38 [3ab31dcb] DEBUG   python_multipart.multipart — Calling on_field_start with no data
2026-04-03 19:34:38 [3ab31dcb] DEBUG   python_multipart.multipart — Calling on_field_name with data[30:40]
2026-04-03 19:34:38 [3ab31dcb] DEBUG   python_multipart.multipart — Calling on_field_data with data[41:49]
2026-04-03 19:34:38 [3ab31dcb] DEBUG   python_multipart.multipart — Calling on_field_end with no data
2026-04-03 19:34:38 [3ab31dcb] DEBUG   python_multipart.multipart — Calling on_end with no data
2026-04-03 19:34:38 [3ab31dcb] WARNING passlib.handlers.bcrypt — (trapped) error reading bcrypt version
Traceback (most recent call last):
  File "/home/omar/Desktop/aman/.venv/lib/python3.12/site-packages/passlib/handlers/bcrypt.py", line 620, in _load_backend_mixin
    version = _bcrypt.__about__.__version__
              ^^^^^^^^^^^^^^^^^
AttributeError: module 'bcrypt' has no attribute '__about__'
2026-04-03 19:34:38 [3ab31dcb] DEBUG   passlib.handlers.bcrypt — detected 'bcrypt' backend, version '<unknown>'
2026-04-03 19:34:38 [3ab31dcb] DEBUG   passlib.handlers.bcrypt — 'bcrypt' backend lacks $2$ support, enabling workaround
2026-04-03 19:34:38 [3ab31dcb] INFO    aman.http — method=POST path=/api/auth/login status=200 duration_ms=243.34
2026-04-03 19:34:38 [-] INFO    httpx — HTTP Request: POST http://localhost/api/auth/login "HTTP/1.1 200 OK"
2026-04-03 19:34:38 [57d4781a] INFO    aman.http — method=GET path=/api/hr/employees status=401 duration_ms=3.45
2026-04-03 19:34:38 [-] INFO    httpx — HTTP Request: GET http://localhost/api/hr/employees "HTTP/1.1 401 Unauthorized"
DEBUG: Company Login status: 500
DEBUG: Company Login failed: {"detail":"حدث خطأ داخلي في الخادم. يرجى المحاولة لاحقاً."}
DEBUG: Admin Login status: 200
F2026-04-03 19:34:38 [434326bd] INFO    aman.http — method=GET path=/api/hr/employees status=401 duration_ms=1.6
2026-04-03 19:34:38 [-] INFO    httpx — HTTP Request: GET http://localhost/api/hr/employees "HTTP/1.1 401 Unauthorized"
s2026-04-03 19:34:38 [b72e3822] INFO    aman.http — method=GET path=/api/hr/departments status=401 duration_ms=1.95
2026-04-03 19:34:38 [-] INFO    httpx — HTTP Request: GET http://localhost/api/hr/departments "HTTP/1.1 401 Unauthorized"
F2026-04-03 19:34:38 [ea89aa41] INFO    aman.http — method=GET path=/api/hr/positions status=401 duration_ms=1.91
2026-04-03 19:34:38 [-] INFO    httpx — HTTP Request: GET http://localhost/api/hr/positions "HTTP/1.1 401 Unauthorized"
F2026-04-03 19:34:38 [e7b85304] INFO    aman.http — method=GET path=/api/hr/payroll-periods status=401 duration_ms=1.73
2026-04-03 19:34:38 [-] INFO    httpx — HTTP Request: GET http://localhost/api/hr/payroll-periods "HTTP/1.1 401 Unauthorized"
F2026-04-03 19:34:38 [052744f9] INFO    aman.http — method=GET path=/api/hr/payroll-periods status=401 duration_ms=1.67
2026-04-03 19:34:38 [-] INFO    httpx — HTTP Request: GET http://localhost/api/hr/payroll-periods "HTTP/1.1 401 Unauthorized"
s2026-04-03 19:34:38 [15318c2d] INFO    aman.http — method=GET path=/api/hr/leaves status=401 duration_ms=2.26
2026-04-03 19:34:38 [-] INFO    httpx — HTTP Request: GET http://localhost/api/hr/leaves "HTTP/1.1 401 Unauthorized"
F2026-04-03 19:34:38 [aeb17362] INFO    aman.http — method=GET path=/api/hr/loans status=401 duration_ms=1.82
2026-04-03 19:34:38 [-] INFO    httpx — HTTP Request: GET http://localhost/api/hr/loans "HTTP/1.1 401 Unauthorized"
F2026-04-03 19:34:38 [0676a4b9] INFO    aman.http — method=GET path=/api/hr/employees status=401 duration_ms=1.7
2026-04-03 19:34:38 [-] INFO    httpx — HTTP Request: GET http://localhost/api/hr/employees "HTTP/1.1 401 Unauthorized"
s2026-04-03 19:34:38 [-] INFO    main — ⏹️ Stopping AMAN ERP System...


=================================== FAILURES ===================================
______________________ TestEmployees.test_list_employees _______________________

self = <tests.test_07_hr.TestEmployees object at 0x72a0a594a750>
client = <starlette.testclient.TestClient object at 0x72a0a4882ba0>
admin_headers = {'Authorization': 'Bearer eyJhbGciOiJIUzI1NiIsInR5cCI6IkpXVCJ9.eyJzdWIiOiJhZG1pbiIsInJvbGUiOiJzeXN0ZW1fYWRtaW4iLCJ0eXB...J0b2tlbl91c2UiOiJhY2Nlc3MiLCJleHAiOjE3NzUyMzU4NzgsImlhdCI6MTc3NTIzNDA3OH0.cCQkTHRoZk7EupBvSdnGngp-PX4Xt9A1Saj61NFAZ_0'}

    def test_list_employees(self, client, admin_headers):
        """✅ عرض قائمة الموظفين"""
        response = client.get("/api/hr/employees", headers=admin_headers)
>       assert_valid_response(response)

tests/test_07_hr.py:17: 
_ _ _ _ _ _ _ _ _ _ _ _ _ _ _ _ _ _ _ _ _ _ _ _ _ _ _ _ _ _ _ _ _ _ _ _ _ _ _ _ 

response = <Response [401 Unauthorized]>, expected_status = 200

    def assert_valid_response(response, expected_status=200):
        """تأكيد أن الاستجابة صحيحة"""
>       assert response.status_code == expected_status, \
               ^^^^^^^^^^^^^^^^^^^^^^^^^^^^^^^^^^^^^^^
            f"Expected {expected_status}, got {response.status_code}: {response.text[:300]}"
E       AssertionError: Expected 200, got 401: {"detail":"Unauthorized - User not linked to a company"}

tests/helpers.py:9: AssertionError
------------------------------ Captured log setup ------------------------------
DEBUG    asyncio:selector_events.py:64 Using selector: EpollSelector
INFO     main:main.py:75 🚀 Starting AMAN ERP System...
INFO     main:main.py:194 ✅ Database connected
INFO     main:main.py:200 📡 System Stats Background Worker Started
INFO     main:main.py:212 🧹 Token Blacklist Cleanup Worker Started
DEBUG    tzlocal:unix.py:61 /etc/timezone found, contents:
 Africa/Cairo

DEBUG    tzlocal:unix.py:120 /etc/localtime found
DEBUG    tzlocal:unix.py:136 2 found:
 {'/etc/timezone': 'Africa/Cairo', '/etc/localtime is a symlink to': 'Asia/Damascus'}
WARNING  tzlocal:unix.py:148 /etc/timezone is deprecated in some distros, and no longer reliable. tzlocal is ignoring it, and you can likely delete it.
INFO     apscheduler.scheduler:base.py:507 Adding job tentatively -- it will be properly scheduled when the scheduler starts
INFO     apscheduler.scheduler:base.py:1090 Added job "check_scheduled_reports" to job store "default"
INFO     apscheduler.scheduler:base.py:214 Scheduler started
DEBUG    apscheduler.scheduler:base.py:1151 Looking for jobs to run
INFO     services.scheduler:scheduler.py:158 🚀 Scheduler started.
DEBUG    apscheduler.scheduler:base.py:1258 Next wakeup is due at 2026-04-03 19:39:37.984690+03:00 (in 299.999309 seconds)
INFO     main:main.py:217 ⏰ Report Scheduler Started
INFO     routers.dashboard:dashboard.py:399 📡 System Stats Worker Started
DEBUG    python_multipart.multipart:multipart.py:629 Calling on_field_start with no data
DEBUG    python_multipart.multipart:multipart.py:626 Calling on_field_name with data[0:8]
DEBUG    python_multipart.multipart:multipart.py:626 Calling on_field_data with data[9:13]
DEBUG    python_multipart.multipart:multipart.py:629 Calling on_field_end with no data
DEBUG    python_multipart.multipart:multipart.py:629 Calling on_field_start with no data
DEBUG    python_multipart.multipart:multipart.py:626 Calling on_field_name with data[14:22]
DEBUG    python_multipart.multipart:multipart.py:626 Calling on_field_data with data[23:31]
DEBUG    python_multipart.multipart:multipart.py:629 Calling on_field_end with no data
DEBUG    python_multipart.multipart:multipart.py:629 Calling on_field_start with no data
DEBUG    python_multipart.multipart:multipart.py:626 Calling on_field_name with data[32:42]
DEBUG    python_multipart.multipart:multipart.py:626 Calling on_field_data with data[43:51]
DEBUG    python_multipart.multipart:multipart.py:629 Calling on_field_end with no data
DEBUG    python_multipart.multipart:multipart.py:629 Calling on_field_start with no data
DEBUG    python_multipart.multipart:multipart.py:626 Calling on_field_name with data[52:64]
DEBUG    python_multipart.multipart:multipart.py:626 Calling on_field_data with data[65:73]
DEBUG    python_multipart.multipart:multipart.py:629 Calling on_field_end with no data
DEBUG    python_multipart.multipart:multipart.py:629 Calling on_end with no data
ERROR    routers.auth:auth.py:603 Login error for company be67ce39: (psycopg2.OperationalError) connection to server at "localhost" (127.0.0.1), port 5432 failed: FATAL:  database "aman_be67ce39" does not exist

(Background on this error at: https://sqlalche.me/e/20/e3q8)
ERROR    main:main.py:387 Internal error on POST /api/auth/login: خطأ في الخادم أثناء تسجيل الدخول
INFO     aman.http:logging_config.py:106 method=POST path=/api/auth/login status=500 duration_ms=14.56
INFO     httpx:_client.py:1025 HTTP Request: POST http://localhost/api/auth/login "HTTP/1.1 500 Internal Server Error"
DEBUG    python_multipart.multipart:multipart.py:629 Calling on_field_start with no data
DEBUG    python_multipart.multipart:multipart.py:626 Calling on_field_name with data[0:8]
DEBUG    python_multipart.multipart:multipart.py:626 Calling on_field_data with data[9:14]
DEBUG    python_multipart.multipart:multipart.py:629 Calling on_field_end with no data
DEBUG    python_multipart.multipart:multipart.py:629 Calling on_field_start with no data
DEBUG    python_multipart.multipart:multipart.py:626 Calling on_field_name with data[15:23]
DEBUG    python_multipart.multipart:multipart.py:626 Calling on_field_data with data[24:29]
DEBUG    python_multipart.multipart:multipart.py:629 Calling on_field_end with no data
DEBUG    python_multipart.multipart:multipart.py:629 Calling on_field_start with no data
DEBUG    python_multipart.multipart:multipart.py:626 Calling on_field_name with data[30:40]
DEBUG    python_multipart.multipart:multipart.py:626 Calling on_field_data with data[41:49]
DEBUG    python_multipart.multipart:multipart.py:629 Calling on_field_end with no data
DEBUG    python_multipart.multipart:multipart.py:629 Calling on_end with no data
WARNING  passlib.handlers.bcrypt:bcrypt.py:622 (trapped) error reading bcrypt version
Traceback (most recent call last):
  File "/home/omar/Desktop/aman/.venv/lib/python3.12/site-packages/passlib/handlers/bcrypt.py", line 620, in _load_backend_mixin
    version = _bcrypt.__about__.__version__
              ^^^^^^^^^^^^^^^^^
AttributeError: module 'bcrypt' has no attribute '__about__'
DEBUG    passlib.handlers.bcrypt:bcrypt.py:625 detected 'bcrypt' backend, version '<unknown>'
DEBUG    passlib.handlers.bcrypt:bcrypt.py:406 'bcrypt' backend lacks $2$ support, enabling workaround
INFO     aman.http:logging_config.py:106 method=POST path=/api/auth/login status=200 duration_ms=243.34
INFO     httpx:_client.py:1025 HTTP Request: POST http://localhost/api/auth/login "HTTP/1.1 200 OK"
------------------------------ Captured log call -------------------------------
INFO     aman.http:logging_config.py:106 method=GET path=/api/hr/employees status=401 duration_ms=3.45
INFO     httpx:_client.py:1025 HTTP Request: GET http://localhost/api/hr/employees "HTTP/1.1 401 Unauthorized"
____________________ TestDepartments.test_list_departments _____________________

self = <tests.test_07_hr.TestDepartments object at 0x72a0a4881ca0>
client = <starlette.testclient.TestClient object at 0x72a0a4882ba0>
admin_headers = {'Authorization': 'Bearer eyJhbGciOiJIUzI1NiIsInR5cCI6IkpXVCJ9.eyJzdWIiOiJhZG1pbiIsInJvbGUiOiJzeXN0ZW1fYWRtaW4iLCJ0eXB...J0b2tlbl91c2UiOiJhY2Nlc3MiLCJleHAiOjE3NzUyMzU4NzgsImlhdCI6MTc3NTIzNDA3OH0.cCQkTHRoZk7EupBvSdnGngp-PX4Xt9A1Saj61NFAZ_0'}

    def test_list_departments(self, client, admin_headers):
        """✅ عرض الأقسام"""
        response = client.get("/api/hr/departments", headers=admin_headers)
>       assert_valid_response(response)

tests/test_07_hr.py:43: 
_ _ _ _ _ _ _ _ _ _ _ _ _ _ _ _ _ _ _ _ _ _ _ _ _ _ _ _ _ _ _ _ _ _ _ _ _ _ _ _ 

response = <Response [401 Unauthorized]>, expected_status = 200

    def assert_valid_response(response, expected_status=200):
        """تأكيد أن الاستجابة صحيحة"""
>       assert response.status_code == expected_status, \
               ^^^^^^^^^^^^^^^^^^^^^^^^^^^^^^^^^^^^^^^
            f"Expected {expected_status}, got {response.status_code}: {response.text[:300]}"
E       AssertionError: Expected 200, got 401: {"detail":"Unauthorized - User not linked to a company"}

tests/helpers.py:9: AssertionError
------------------------------ Captured log call -------------------------------
INFO     aman.http:logging_config.py:106 method=GET path=/api/hr/departments status=401 duration_ms=1.95
INFO     httpx:_client.py:1025 HTTP Request: GET http://localhost/api/hr/departments "HTTP/1.1 401 Unauthorized"
______________________ TestPositions.test_list_positions _______________________

self = <tests.test_07_hr.TestPositions object at 0x72a0a4881f40>
client = <starlette.testclient.TestClient object at 0x72a0a4882ba0>
admin_headers = {'Authorization': 'Bearer eyJhbGciOiJIUzI1NiIsInR5cCI6IkpXVCJ9.eyJzdWIiOiJhZG1pbiIsInJvbGUiOiJzeXN0ZW1fYWRtaW4iLCJ0eXB...J0b2tlbl91c2UiOiJhY2Nlc3MiLCJleHAiOjE3NzUyMzU4NzgsImlhdCI6MTc3NTIzNDA3OH0.cCQkTHRoZk7EupBvSdnGngp-PX4Xt9A1Saj61NFAZ_0'}

    def test_list_positions(self, client, admin_headers):
        """✅ عرض المناصب"""
        response = client.get("/api/hr/positions", headers=admin_headers)
>       assert_valid_response(response)

tests/test_07_hr.py:52: 
_ _ _ _ _ _ _ _ _ _ _ _ _ _ _ _ _ _ _ _ _ _ _ _ _ _ _ _ _ _ _ _ _ _ _ _ _ _ _ _ 

response = <Response [401 Unauthorized]>, expected_status = 200

    def assert_valid_response(response, expected_status=200):
        """تأكيد أن الاستجابة صحيحة"""
>       assert response.status_code == expected_status, \
               ^^^^^^^^^^^^^^^^^^^^^^^^^^^^^^^^^^^^^^^
            f"Expected {expected_status}, got {response.status_code}: {response.text[:300]}"
E       AssertionError: Expected 200, got 401: {"detail":"Unauthorized - User not linked to a company"}

tests/helpers.py:9: AssertionError
------------------------------ Captured log call -------------------------------
INFO     aman.http:logging_config.py:106 method=GET path=/api/hr/positions status=401 duration_ms=1.91
INFO     httpx:_client.py:1025 HTTP Request: GET http://localhost/api/hr/positions "HTTP/1.1 401 Unauthorized"
____________________ TestPayroll.test_list_payroll_periods _____________________

self = <tests.test_07_hr.TestPayroll object at 0x72a0a4882210>
client = <starlette.testclient.TestClient object at 0x72a0a4882ba0>
admin_headers = {'Authorization': 'Bearer eyJhbGciOiJIUzI1NiIsInR5cCI6IkpXVCJ9.eyJzdWIiOiJhZG1pbiIsInJvbGUiOiJzeXN0ZW1fYWRtaW4iLCJ0eXB...J0b2tlbl91c2UiOiJhY2Nlc3MiLCJleHAiOjE3NzUyMzU4NzgsImlhdCI6MTc3NTIzNDA3OH0.cCQkTHRoZk7EupBvSdnGngp-PX4Xt9A1Saj61NFAZ_0'}

    def test_list_payroll_periods(self, client, admin_headers):
        """✅ عرض فترات الرواتب"""
        try:
            response = client.get("/api/hr/payroll-periods", headers=admin_headers)
        except Exception:
            pytest.skip("خطأ في الاتصال بجدول payroll_periods")
        # 500 يعني جدول payroll_periods غير موجود في هذه الشركة
        if response.status_code in [500, 422]:
            pytest.skip("جدول payroll_periods غير موجود في قاعدة بيانات الشركة")
>       assert_valid_response(response)

tests/test_07_hr.py:67: 
_ _ _ _ _ _ _ _ _ _ _ _ _ _ _ _ _ _ _ _ _ _ _ _ _ _ _ _ _ _ _ _ _ _ _ _ _ _ _ _ 

response = <Response [401 Unauthorized]>, expected_status = 200

    def assert_valid_response(response, expected_status=200):
        """تأكيد أن الاستجابة صحيحة"""
>       assert response.status_code == expected_status, \
               ^^^^^^^^^^^^^^^^^^^^^^^^^^^^^^^^^^^^^^^
            f"Expected {expected_status}, got {response.status_code}: {response.text[:300]}"
E       AssertionError: Expected 200, got 401: {"detail":"Unauthorized - User not linked to a company"}

tests/helpers.py:9: AssertionError
------------------------------ Captured log call -------------------------------
INFO     aman.http:logging_config.py:106 method=GET path=/api/hr/payroll-periods status=401 duration_ms=1.73
INFO     httpx:_client.py:1025 HTTP Request: GET http://localhost/api/hr/payroll-periods "HTTP/1.1 401 Unauthorized"
_________________________ TestLeaves.test_list_leaves __________________________

self = <tests.test_07_hr.TestLeaves object at 0x72a0a4882810>
client = <starlette.testclient.TestClient object at 0x72a0a4882ba0>
admin_headers = {'Authorization': 'Bearer eyJhbGciOiJIUzI1NiIsInR5cCI6IkpXVCJ9.eyJzdWIiOiJhZG1pbiIsInJvbGUiOiJzeXN0ZW1fYWRtaW4iLCJ0eXB...J0b2tlbl91c2UiOiJhY2Nlc3MiLCJleHAiOjE3NzUyMzU4NzgsImlhdCI6MTc3NTIzNDA3OH0.cCQkTHRoZk7EupBvSdnGngp-PX4Xt9A1Saj61NFAZ_0'}

    def test_list_leaves(self, client, admin_headers):
        """✅ عرض الإجازات"""
        response = client.get("/api/hr/leaves", headers=admin_headers)
>       assert_valid_response(response)

tests/test_07_hr.py:93: 
_ _ _ _ _ _ _ _ _ _ _ _ _ _ _ _ _ _ _ _ _ _ _ _ _ _ _ _ _ _ _ _ _ _ _ _ _ _ _ _ 

response = <Response [401 Unauthorized]>, expected_status = 200

    def assert_valid_response(response, expected_status=200):
        """تأكيد أن الاستجابة صحيحة"""
>       assert response.status_code == expected_status, \
               ^^^^^^^^^^^^^^^^^^^^^^^^^^^^^^^^^^^^^^^
            f"Expected {expected_status}, got {response.status_code}: {response.text[:300]}"
E       AssertionError: Expected 200, got 401: {"detail":"Unauthorized - User not linked to a company"}

tests/helpers.py:9: AssertionError
------------------------------ Captured log call -------------------------------
INFO     aman.http:logging_config.py:106 method=GET path=/api/hr/leaves status=401 duration_ms=2.26
INFO     httpx:_client.py:1025 HTTP Request: GET http://localhost/api/hr/leaves "HTTP/1.1 401 Unauthorized"
__________________________ TestLoans.test_list_loans ___________________________

self = <tests.test_07_hr.TestLoans object at 0x72a0a4882b40>
client = <starlette.testclient.TestClient object at 0x72a0a4882ba0>
admin_headers = {'Authorization': 'Bearer eyJhbGciOiJIUzI1NiIsInR5cCI6IkpXVCJ9.eyJzdWIiOiJhZG1pbiIsInJvbGUiOiJzeXN0ZW1fYWRtaW4iLCJ0eXB...J0b2tlbl91c2UiOiJhY2Nlc3MiLCJleHAiOjE3NzUyMzU4NzgsImlhdCI6MTc3NTIzNDA3OH0.cCQkTHRoZk7EupBvSdnGngp-PX4Xt9A1Saj61NFAZ_0'}

    def test_list_loans(self, client, admin_headers):
        """✅ عرض القروض"""
        response = client.get("/api/hr/loans", headers=admin_headers)
>       assert_valid_response(response)

tests/test_07_hr.py:102: 
_ _ _ _ _ _ _ _ _ _ _ _ _ _ _ _ _ _ _ _ _ _ _ _ _ _ _ _ _ _ _ _ _ _ _ _ _ _ _ _ 

response = <Response [401 Unauthorized]>, expected_status = 200

    def assert_valid_response(response, expected_status=200):
        """تأكيد أن الاستجابة صحيحة"""
>       assert response.status_code == expected_status, \
               ^^^^^^^^^^^^^^^^^^^^^^^^^^^^^^^^^^^^^^^
            f"Expected {expected_status}, got {response.status_code}: {response.text[:300]}"
E       AssertionError: Expected 200, got 401: {"detail":"Unauthorized - User not linked to a company"}

tests/helpers.py:9: AssertionError
------------------------------ Captured log call -------------------------------
INFO     aman.http:logging_config.py:106 method=GET path=/api/hr/loans status=401 duration_ms=1.82
INFO     httpx:_client.py:1025 HTTP Request: GET http://localhost/api/hr/loans "HTTP/1.1 401 Unauthorized"
=============================== warnings summary ===============================
config.py:11
  /home/omar/Desktop/aman/backend/config.py:11: PydanticDeprecatedSince20: Support for class-based `config` is deprecated, use ConfigDict instead. Deprecated in Pydantic V2.0 to be removed in V3.0. See Pydantic V2 Migration Guide at https://errors.pydantic.dev/2.12/migration/
    class Settings(BaseSettings):

../.venv/lib/python3.12/site-packages/passlib/utils/__init__.py:854
  /home/omar/Desktop/aman/.venv/lib/python3.12/site-packages/passlib/utils/__init__.py:854: DeprecationWarning: 'crypt' is deprecated and slated for removal in Python 3.13
    from crypt import crypt as _crypt

database.py:37
  /home/omar/Desktop/aman/backend/database.py:37: MovedIn20Warning: The ``declarative_base()`` function is now available as sqlalchemy.orm.declarative_base(). (deprecated since: 2.0) (Background on SQLAlchemy 2.0 at: https://sqlalche.me/e/b8d9)
    Base = declarative_base()

schemas/costing.py:30
  /home/omar/Desktop/aman/backend/schemas/costing.py:30: PydanticDeprecatedSince20: Support for class-based `config` is deprecated, use ConfigDict instead. Deprecated in Pydantic V2.0 to be removed in V3.0. See Pydantic V2 Migration Guide at https://errors.pydantic.dev/2.12/migration/
    class CostLayerRead(BaseModel):

schemas/costing.py:67
  /home/omar/Desktop/aman/backend/schemas/costing.py:67: PydanticDeprecatedSince20: Support for class-based `config` is deprecated, use ConfigDict instead. Deprecated in Pydantic V2.0 to be removed in V3.0. See Pydantic V2 Migration Guide at https://errors.pydantic.dev/2.12/migration/
    class ConsumptionHistoryRead(BaseModel):

routers/sales/schemas.py:58
  /home/omar/Desktop/aman/backend/routers/sales/schemas.py:58: PydanticDeprecatedSince20: Pydantic V1 style `@validator` validators are deprecated. You should migrate to Pydantic V2 style `@field_validator` validators, see the migration guide for more details. Deprecated in Pydantic V2.0 to be removed in V3.0. See Pydantic V2 Migration Guide at https://errors.pydantic.dev/2.12/migration/
    @validator("quantity")

routers/sales/schemas.py:64
  /home/omar/Desktop/aman/backend/routers/sales/schemas.py:64: PydanticDeprecatedSince20: Pydantic V1 style `@validator` validators are deprecated. You should migrate to Pydantic V2 style `@field_validator` validators, see the migration guide for more details. Deprecated in Pydantic V2.0 to be removed in V3.0. See Pydantic V2 Migration Guide at https://errors.pydantic.dev/2.12/migration/
    @validator("unit_price")

routers/sales/schemas.py:70
  /home/omar/Desktop/aman/backend/routers/sales/schemas.py:70: PydanticDeprecatedSince20: Pydantic V1 style `@validator` validators are deprecated. You should migrate to Pydantic V2 style `@field_validator` validators, see the migration guide for more details. Deprecated in Pydantic V2.0 to be removed in V3.0. See Pydantic V2 Migration Guide at https://errors.pydantic.dev/2.12/migration/
    @validator("discount")

schemas/sso.py:41
  /home/omar/Desktop/aman/backend/schemas/sso.py:41: PydanticDeprecatedSince20: Support for class-based `config` is deprecated, use ConfigDict instead. Deprecated in Pydantic V2.0 to be removed in V3.0. See Pydantic V2 Migration Guide at https://errors.pydantic.dev/2.12/migration/
    class SsoConfigRead(BaseModel):

schemas/sso.py:65
  /home/omar/Desktop/aman/backend/schemas/sso.py:65: PydanticDeprecatedSince20: Support for class-based `config` is deprecated, use ConfigDict instead. Deprecated in Pydantic V2.0 to be removed in V3.0. See Pydantic V2 Migration Guide at https://errors.pydantic.dev/2.12/migration/
    class GroupRoleMappingRead(BaseModel):

-- Docs: https://docs.pytest.org/en/stable/how-to/capture-warnings.html
=========================== short test summary info ============================
FAILED tests/test_07_hr.py::TestEmployees::test_list_employees - AssertionErr...
FAILED tests/test_07_hr.py::TestDepartments::test_list_departments - Assertio...
FAILED tests/test_07_hr.py::TestPositions::test_list_positions - AssertionErr...
FAILED tests/test_07_hr.py::TestPayroll::test_list_payroll_periods - Assertio...
FAILED tests/test_07_hr.py::TestLeaves::test_list_leaves - AssertionError: Ex...
FAILED tests/test_07_hr.py::TestLoans::test_list_loans - AssertionError: Expe...
================== 6 failed, 3 skipped, 10 warnings in 0.50s ===================
